
   PASS  Tests\Unit\ExampleTest
  ✓ that true is true                                                    0.16s  

   PASS  Tests\Unit\OrderPolicyTest
  ✓ order owner can update their own order                               9.52s  
  ✓ non-owner cannot update order (IDOR prevention)                      0.17s  
  ✓ order owner can save address on their own order                      0.17s  
  ✓ non-owner cannot save address (IDOR prevention)                      0.19s  

   PASS  Tests\Unit\OrderServiceTest
  ✓ createOrder snapshots unit_price and decrements stock                0.79s  
  ✓ createOrder throws ValidationException when stock insufficient       0.36s  
  ✓ createOrder generates correct order_number format                    0.20s  
  ✓ bulkApprove sets status to 2                                         0.18s  

   PASS  Tests\Feature\AdminBulkUpdateTest
  ✓ admin can bulk approve orders                                        1.46s  
  ✓ non-admin cannot bulk approve (RBAC)                                 0.93s  
  ✓ bulk update with invalid order number returns 422                    0.20s  
  ✓ bulk update with empty array returns 422                             0.19s  

   PASS  Tests\Feature\ExampleTest
  ✓ the application returns a successful response                        0.21s  

   PASS  Tests\Feature\LoginTest
  ✓ valid login redirects user to products                               0.70s  
  ✓ valid login redirects admin to admin orders                          0.20s  
  ✓ invalid credentials return validation error                          0.40s  
  ✓ login throttles after 6 attempts                                     1.47s  

   PASS  Tests\Feature\OrderAddressTest
  ✓ owner can save shipping address and status does not change           0.20s  
  ✓ non-owner cannot save address (IDOR protection)                      0.25s  

   PASS  Tests\Feature\OrderCreationTest
  ✓ authenticated user can place order and stock decrements              0.27s  
  ✓ order number follows ORD-YYYYMMDD-XXXXXXXX format                    0.18s  
  ✓ order fails when quantity exceeds stock                              0.19s  
  ✓ guest cannot place order                                             0.18s  

   PASS  Tests\Feature\OrderEditTest
  ✓ order owner can update quantity                                      0.19s  
  ✓ non-owner cannot update order detail                                 0.23s  
  ✓ setting quantity to 0 deletes the order detail                       0.16s  

   PASS  Tests\Feature\RegisterTest
  ✓ registration creates user with hashed password                       0.27s  
  ✓ registration with duplicate email fails                              0.18s  
  ✓ registration with mismatched password fails                          0.18s  

  Tests:    30 passed (67 assertions)
  Duration: 24.21s

